1 git is a thing
2 github is another thing

---------- git:

in order to initiate a git project
- enter the root projectt folder
- run

---------------------------- terminal--------------------------------------------

$ git init
Initialized empty Git repository in /actual-path-to-project-folder/.git/

---------------------------------------------------------------------------------

even if files are aòready present in the folder the init returns empty folder
the files to monitor must be added.

check the git status:

---------------------------- terminal--------------------------------------------

$ git status
On branch master

Initial commit

Untracked files:
  (use "git add <file>..." to include in what will be committed)

	index.html

nothing added to commit but untracked files present (use "git add" to track)


---------------------------------------------------------------------------------

in order to add all the files in the directory:


---------------------------- terminal--------------------------------------------


$ git add . // add all files in the directory

$ git status  // returns monitored files 
On branch master

Initial commit

Changes to be committed:
  (use "git rm --cached <file>..." to unstage)

	new file:   index.html

---------------------------------------------------------------------------------

once a version needs to be saved

---------------------------- terminal--------------------------------------------

$ git commit -m "today I start to use git - this is my first commit"

[master (root-commit) 6e1e5d0] today I start to use git - this is my first commit
 4 files changed, 46 insertions(+)
 create mode 100644 index.html

---------------------------------------------------------------------------------
